exports["ResourceStore save stores resources in individual named graphs"] = "PREFIX rdf: <http://www.w3.org/1999/02/22-rdf-syntax-ns#>\nPREFIX hydra: <http://www.w3.org/ns/hydra/core#>\n\nDROP GRAPH <http://example.com/Foo>;\nDROP GRAPH <http://example.com/Bar>;\n\nINSERT DATA {\n  \n  \nGRAPH <http://example.com/Foo> {\n        \n<http://example.com/Foo> rdf:type hydra:Resource .\n<http://example.com/Foo> <http://example.com/foo> \"foo\" .\n      }\n  \nGRAPH <http://example.com/Bar> {\n        \n<http://example.com/Bar> rdf:type hydra:Resource .\n<http://example.com/Bar> <http://example.com/bar> \"bar\" .\n      }\n}";

exports["ResourceStore delete delete is adding DROP GRAPH statement and removes from inserts"] = "DROP GRAPH <http://example.com/Foo>;\n\nINSERT DATA {\n  \n}";

