exports["ResourceStore save stores resources in individual named graphs"] = "<http://example.com/Bar> <http://example.com/bar> \"bar\" <http://example.com/Bar> .\n<http://example.com/Bar> <http://www.w3.org/1999/02/22-rdf-syntax-ns#type> <http://www.w3.org/ns/hydra/core#Resource> <http://example.com/Bar> .\n<http://example.com/Foo> <http://example.com/foo> \"foo\" <http://example.com/Foo> .\n<http://example.com/Foo> <http://www.w3.org/1999/02/22-rdf-syntax-ns#type> <http://www.w3.org/ns/hydra/core#Resource> <http://example.com/Foo> .\n";

